C:\Users\hp\AppData\Local\Programs\Python\Python312\Lib\site-packages\mlflow\server\handlers.py:392: FutureWarning: The filesystem tracking backend (e.g., './mlruns') is deprecated as of February 2026. Consider transitioning to a database backend (e.g., 'sqlite:///mlflow.db') to take advantage of the latest MLflow features. See https://mlflow.org/docs/latest/self-hosting/migrate-from-file-store for migration guidance.
  return FileStore(store_uri, artifact_uri)
C:\Users\hp\AppData\Local\Programs\Python\Python312\Lib\site-packages\mlflow\server\handlers.py:427: FutureWarning: The filesystem model registry backend (e.g., './mlruns') is deprecated as of February 2026. Consider transitioning to a database backend (e.g., 'sqlite:///mlflow.db') to take advantage of the latest MLflow features. See https://mlflow.org/docs/latest/self-hosting/migrate-from-file-store for migration guidance.
  return FileStore(store_uri)
[MLflow] Security middleware enabled with default settings (localhost-only). To allow connections from other hosts, use --host 0.0.0.0 and configure --allowed-hosts and --cors-allowed-origins.
2026/06/02 16:19:09 WARNING mlflow.server: MLflow job execution requirements not met (MLflow job backend does not support Windows system.). Server will start without job execution support. Errors will be surfaced at job invocation time.
2026/06/02 16:19:14 INFO:     Uvicorn running on http://127.0.0.1:5000 (Press CTRL+C to quit)
2026/06/02 16:19:14 INFO:     Started parent process [2932]
2026/06/02 16:19:20 INFO:     Started server process [12232]
2026/06/02 16:19:20 INFO:     Waiting for application startup.
2026/06/02 16:19:20 INFO:     Application startup complete.
2026/06/02 16:19:20 INFO:     Started server process [9772]
2026/06/02 16:19:20 INFO:     Waiting for application startup.
2026/06/02 16:19:20 INFO:     Application startup complete.
2026/06/02 16:19:20 INFO:     Started server process [24820]
2026/06/02 16:19:20 INFO:     Waiting for application startup.
2026/06/02 16:19:20 INFO:     Application startup complete.
2026/06/02 16:19:20 INFO:     Started server process [25968]
2026/06/02 16:19:20 INFO:     Waiting for application startup.
2026/06/02 16:19:20 INFO:     Application startup complete.
C:\Users\hp\AppData\Local\Programs\Python\Python312\Lib\site-packages\mlflow\server\handlers.py:392: FutureWarning: The filesystem tracking backend (e.g., './mlruns') is deprecated as of February 2026. Consider transitioning to a database backend (e.g., 'sqlite:///mlflow.db') to take advantage of the latest MLflow features. See https://mlflow.org/docs/latest/self-hosting/migrate-from-file-store for migration guidance.
  return FileStore(store_uri, artifact_uri)
C:\Users\hp\AppData\Local\Programs\Python\Python312\Lib\site-packages\mlflow\server\handlers.py:392: FutureWarning: The filesystem tracking backend (e.g., './mlruns') is deprecated as of February 2026. Consider transitioning to a database backend (e.g., 'sqlite:///mlflow.db') to take advantage of the latest MLflow features. See https://mlflow.org/docs/latest/self-hosting/migrate-from-file-store for migration guidance.
  return FileStore(store_uri, artifact_uri)
C:\Users\hp\AppData\Local\Programs\Python\Python312\Lib\site-packages\mlflow\server\handlers.py:392: FutureWarning: The filesystem tracking backend (e.g., './mlruns') is deprecated as of February 2026. Consider transitioning to a database backend (e.g., 'sqlite:///mlflow.db') to take advantage of the latest MLflow features. See https://mlflow.org/docs/latest/self-hosting/migrate-from-file-store for migration guidance.
  return FileStore(store_uri, artifact_uri)
C:\Users\hp\AppData\Local\Programs\Python\Python312\Lib\site-packages\mlflow\server\handlers.py:427: FutureWarning: The filesystem model registry backend (e.g., './mlruns') is deprecated as of February 2026. Consider transitioning to a database backend (e.g., 'sqlite:///mlflow.db') to take advantage of the latest MLflow features. See https://mlflow.org/docs/latest/self-hosting/migrate-from-file-store for migration guidance.
  return FileStore(store_uri)
C:\Users\hp\AppData\Local\Programs\Python\Python312\Lib\site-packages\mlflow\server\handlers.py:392: FutureWarning: The filesystem tracking backend (e.g., './mlruns') is deprecated as of February 2026. Consider transitioning to a database backend (e.g., 'sqlite:///mlflow.db') to take advantage of the latest MLflow features. See https://mlflow.org/docs/latest/self-hosting/migrate-from-file-store for migration guidance.
  return FileStore(store_uri, artifact_uri)
C:\Users\hp\AppData\Local\Programs\Python\Python312\Lib\site-packages\mlflow\server\handlers.py:427: FutureWarning: The filesystem model registry backend (e.g., './mlruns') is deprecated as of February 2026. Consider transitioning to a database backend (e.g., 'sqlite:///mlflow.db') to take advantage of the latest MLflow features. See https://mlflow.org/docs/latest/self-hosting/migrate-from-file-store for migration guidance.
  return FileStore(store_uri)
2026/06/02 16:31:34 ERROR mlflow.server.handlers: Error in _search_evaluation_datasets_handler: search_datasets is not supported with FileStore. This feature requires a SQL-based tracking backend (e.g., SQLite, PostgreSQL, MySQL). Please configure MLflow with a SQL backend using --backend-store-uri. For SQLite setup instructions, see: https://mlflow.org/docs/latest/self-hosting/architecture/tracking-server/#configure-server. Set MLFLOW_LOGGING_LEVEL=DEBUG for traceback.
2026/06/02 16:31:34 ERROR mlflow.server.handlers: Error in _query_trace_metrics: query_trace_metrics is not supported with FileStore. This feature requires a SQL-based tracking backend (e.g., SQLite, PostgreSQL, MySQL). Please configure MLflow with a SQL backend using --backend-store-uri. For SQLite setup instructions, see: https://mlflow.org/docs/latest/self-hosting/architecture/tracking-server/#configure-server. Set MLFLOW_LOGGING_LEVEL=DEBUG for traceback.
2026/06/02 16:31:34 ERROR mlflow.server.handlers: Error in _query_trace_metrics: query_trace_metrics is not supported with FileStore. This feature requires a SQL-based tracking backend (e.g., SQLite, PostgreSQL, MySQL). Please configure MLflow with a SQL backend using --backend-store-uri. For SQLite setup instructions, see: https://mlflow.org/docs/latest/self-hosting/architecture/tracking-server/#configure-server. Set MLFLOW_LOGGING_LEVEL=DEBUG for traceback.
2026/06/02 16:31:34 ERROR mlflow.server.handlers: Error in _query_trace_metrics: query_trace_metrics is not supported with FileStore. This feature requires a SQL-based tracking backend (e.g., SQLite, PostgreSQL, MySQL). Please configure MLflow with a SQL backend using --backend-store-uri. For SQLite setup instructions, see: https://mlflow.org/docs/latest/self-hosting/architecture/tracking-server/#configure-server. Set MLFLOW_LOGGING_LEVEL=DEBUG for traceback.
2026/06/02 16:31:35 ERROR mlflow.server.handlers: Error in _query_trace_metrics: query_trace_metrics is not supported with FileStore. This feature requires a SQL-based tracking backend (e.g., SQLite, PostgreSQL, MySQL). Please configure MLflow with a SQL backend using --backend-store-uri. For SQLite setup instructions, see: https://mlflow.org/docs/latest/self-hosting/architecture/tracking-server/#configure-server. Set MLFLOW_LOGGING_LEVEL=DEBUG for traceback.
2026/06/02 16:31:35 ERROR mlflow.server.handlers: Error in _query_trace_metrics: query_trace_metrics is not supported with FileStore. This feature requires a SQL-based tracking backend (e.g., SQLite, PostgreSQL, MySQL). Please configure MLflow with a SQL backend using --backend-store-uri. For SQLite setup instructions, see: https://mlflow.org/docs/latest/self-hosting/architecture/tracking-server/#configure-server. Set MLFLOW_LOGGING_LEVEL=DEBUG for traceback.
2026/06/02 16:31:35 ERROR mlflow.server.handlers: Error in _query_trace_metrics: query_trace_metrics is not supported with FileStore. This feature requires a SQL-based tracking backend (e.g., SQLite, PostgreSQL, MySQL). Please configure MLflow with a SQL backend using --backend-store-uri. For SQLite setup instructions, see: https://mlflow.org/docs/latest/self-hosting/architecture/tracking-server/#configure-server. Set MLFLOW_LOGGING_LEVEL=DEBUG for traceback.
2026/06/02 16:31:37 ERROR mlflow.server.handlers: Error in _query_trace_metrics: query_trace_metrics is not supported with FileStore. This feature requires a SQL-based tracking backend (e.g., SQLite, PostgreSQL, MySQL). Please configure MLflow with a SQL backend using --backend-store-uri. For SQLite setup instructions, see: https://mlflow.org/docs/latest/self-hosting/architecture/tracking-server/#configure-server. Set MLFLOW_LOGGING_LEVEL=DEBUG for traceback.
2026/06/02 16:31:37 ERROR mlflow.server.handlers: Error in _query_trace_metrics: query_trace_metrics is not supported with FileStore. This feature requires a SQL-based tracking backend (e.g., SQLite, PostgreSQL, MySQL). Please configure MLflow with a SQL backend using --backend-store-uri. For SQLite setup instructions, see: https://mlflow.org/docs/latest/self-hosting/architecture/tracking-server/#configure-server. Set MLFLOW_LOGGING_LEVEL=DEBUG for traceback.
2026/06/02 16:31:37 ERROR mlflow.server.handlers: Error in _query_trace_metrics: query_trace_metrics is not supported with FileStore. This feature requires a SQL-based tracking backend (e.g., SQLite, PostgreSQL, MySQL). Please configure MLflow with a SQL backend using --backend-store-uri. For SQLite setup instructions, see: https://mlflow.org/docs/latest/self-hosting/architecture/tracking-server/#configure-server. Set MLFLOW_LOGGING_LEVEL=DEBUG for traceback.
2026/06/02 16:31:41 ERROR mlflow.server.handlers: Error in _query_trace_metrics: query_trace_metrics is not supported with FileStore. This feature requires a SQL-based tracking backend (e.g., SQLite, PostgreSQL, MySQL). Please configure MLflow with a SQL backend using --backend-store-uri. For SQLite setup instructions, see: https://mlflow.org/docs/latest/self-hosting/architecture/tracking-server/#configure-server. Set MLFLOW_LOGGING_LEVEL=DEBUG for traceback.
2026/06/02 16:31:41 ERROR mlflow.server.handlers: Error in _query_trace_metrics: query_trace_metrics is not supported with FileStore. This feature requires a SQL-based tracking backend (e.g., SQLite, PostgreSQL, MySQL). Please configure MLflow with a SQL backend using --backend-store-uri. For SQLite setup instructions, see: https://mlflow.org/docs/latest/self-hosting/architecture/tracking-server/#configure-server. Set MLFLOW_LOGGING_LEVEL=DEBUG for traceback.
2026/06/02 16:31:41 ERROR mlflow.server.handlers: Error in _query_trace_metrics: query_trace_metrics is not supported with FileStore. This feature requires a SQL-based tracking backend (e.g., SQLite, PostgreSQL, MySQL). Please configure MLflow with a SQL backend using --backend-store-uri. For SQLite setup instructions, see: https://mlflow.org/docs/latest/self-hosting/architecture/tracking-server/#configure-server. Set MLFLOW_LOGGING_LEVEL=DEBUG for traceback.
